// Jest Snapshot v1, https://goo.gl/fbAQLP

exports[`Product  renders Layout unchanged to match snapshot 1`] = `
<div>
  <div
    class="sc-blHHSb sc-gtLWhw jzxxPQ kttBnP"
  >
    <h2>
      ðŸŒ€ Loading...
    </h2>
  </div>
</div>
`;
