// Jest Snapshot v1, https://goo.gl/fbAQLP

exports[`App index  renders Layout unchanged to match snapshot 1`] = `<div />`;
